[www.npg.org.uk/learning/schools-and-colleges/cross-curricular.html]
[www.npg.org.uk/learning/schools-and-colleges/schools-photography-competition/index.html]
[www.npg.org.uk/learning/schools-and-colleges/art1/gallery-sessions.html]
[www.npg.org.uk/learning/schools-and-colleges/art1/practical-art-workshops.html]
[www.npg.org.uk/learning/schools-and-colleges/art1/photography.html]
[www.npg.org.uk/learning/schools-and-colleges/art1/meet-the-artist-past-sessions.html]
[www.npg.org.uk/learning/schools-and-colleges/art1/meet-the-artist.html]
[www.npg.org.uk/learning/digital/practice-of-portraiture.html]
[www.npg.org.uk/learning/digital/citizenship.html]
[www.npg.org.uk/learning/digital/history/suffragettes-quiz.html]
[www.npg.org.uk/learning/digital/portraiture/self-image/glossary.html]
[www.npg.org.uk/learning/digital/history/charles-in-a-tree/the-end.html]
[www.npg.org.uk/learning/digital/history/charles-in-a-tree/index.html]
[www.npg.org.uk/learning/digital/interviews-with-artists-and-sitters/families-in-art-webquest/index.html]
[www.npg.org.uk/learning/digital/interviews-with-artists-and-sitters/families-in-art-webquest/make-your-own-family-portrait/index.html]
[www.npg.org.uk/learning/digital/interviews-with-artists-and-sitters/families-in-art-webquest/make-your-own-family/whats-happening.b.delay]
[www.npg.org.uk/learning/digital/interviews-with-artists-and-sitters/families-in-art-webquest/make-your-own-family/who-and-how-many.c.dela]
[www.npg.org.uk/learning/digital/interviews-with-artists-and-sitters/families-in-art-webquest/make-your-own-family-p/making-faces.e.delaye]
[www.npg.org.uk/learning/digital/interviews-with-artists-and-sitters/families-in-art-webquest/make-your-own-family-p/what-to-wear.d.delaye]
[www.npg.org.uk/learning/digital/interviews-with-artists-and-sitters/families-in-art-webquest/make-your-own-family-portr/animals.10.delaye]
[www.npg.org.uk/learning/digital/interviews-with-artists-and-sitters/families-in-art-webquest/make-your-own-family-por/behind-you.f.delaye]
[www.npg.org.uk/learning/digital/interviews-with-artists-and-sitters/families-in-art-webquest/make-your-own-family/everything-else.11.dela]
[www.npg.org.uk/learning/digital/interviews-with-artists-and-sitters/families-in-art-webquest/make-your-own-family/landscape-or-portrait.1]
[www.npg.org.uk/learning/digital/interviews-with-artists-and-sitters/families-in-art-webquest/make-your-own-family/how-will-you-arrange-ev]
[www.npg.org.uk/learning/digital/interviews-with-artists-and-sitters/families-in-art-webquest/make-your-own-family-por/well-done.14.delaye]
[www.npg.org.uk/learning/digital/interviews-with-artists-and-sitters/families-in-art-webquest/navigating-the-webquest.html]
[backblue.gif]
[fade.gif]
[index.html]
[www.npg.org.uk/learning/digital/interviews-with-artists-and-sitters/families-in-art-webquest/tudor-family-portrai/who-to-include.17.delay]
[www.npg.org.uk/learning/digital/interviews-with-artists-and-sitters/families-in-art-webquest/tudor-family-portraits/start.html]
[www.npg.org.uk/learning/digital/interviews-with-artists-and-sitters/families-in-art-webquest/tudor-family-portraits/index.html]
[www.npg.org.uk/learning/digital/interviews-with-artists-and-sitters/families-in-art-webquest/tudor-family-portrai/choose-your-portrait.18]
[www.npg.org.uk/learning/digital/interviews-with-artists-and-sitters/families-in-art-webquest/tudor-family-portraits/henry-viii.html]
[www.npg.org.uk/learning/digital/interviews-with-artists-and-sitters/families-in-art-webquest/tudor-family-portrait/other-tudors.1a.delaye]
[www.npg.org.uk/learning/digital/interviews-with-artists-and-sitters/families-in-art-webquest/tudor-family-portraits/well-done1.html]
[www.npg.org.uk/learning/digital/interviews-with-artists-and-sitters/families-in-art-webquest/tudor-family-portrai/making-your-portrait.1b]
[www.npg.org.uk/learning/webquests.html]
[www.npg.org.uk/favicon.png]
[www.npg.org.uk/assets/css/main156f.css]
[www.npg.org.uk/assets/css/mobile8e0e.css]
[www.npg.org.uk/assets/css/print.css]
[www.npg.org.uk/assets/css/desktop30f4.css]
[www.npg.org.uk/assets/images/layout/logo_trans_black.png]
[www.npg.org.uk/assets/images/layout/logo_white_bg.gif]
[www.npg.org.uk/assets/images/layout/print_page.gif]
[www.npg.org.uk/assets/css/fullwidthpagef9e3.css]
[collectionimages.npg.org.uk/std/mw242543/mw242543.jpg]
[www.npg.org.uk/learning/schools-and-colleges/cross-curricular.html]
[www.npg.org.uk/learning/schools-and-colleges/schools-photography-competition/index.html]
[www.npg.org.uk/assets/microsites/Chronicles/images/264_Ax61380.jpg]
[www.npg.org.uk/assets/images/banners/2000_beaton_comp.jpg]
[www.npg.org.uk/assets/images/568_social.jpg]
[www.npg.org.uk/assets/images/support/568_membership.jpg]
[www.npg.org.uk/assets/images/150/logos/232_Noel.png]
[www.npg.org.uk/assets/images/collections/568_NPG6662.jpg]
[www.npg.org.uk/assets/images/collections/568_NPGD48094.jpg]
[www.npg.org.uk/assets/images/assets/learningoutreach/school-college/264_DiscoveryTours.jpg]
[www.npg.org.uk/assets/microsites/hockney/images/568_David-Hockney-shots.jpg]
[www.npg.org.uk/assets/images/assets/learningoutreach/school-college/264_CreativeC.jpg]
[www.npg.org.uk/learning/schools-and-colleges/art1/gallery-sessions.html]
[www.npg.org.uk/assets/images/assets/learningoutreach/school-college/264_GallerySessions_drawing.jpg]
[www.npg.org.uk/assets/images/visit/568_TWPPP_00244.jpg]
[www.npg.org.uk/assets/images/collections/371_NPG1.jpg]
[www.npg.org.uk/assets/images/collections/371_NPG224.jpg]
[www.npg.org.uk/assets/images/visit/568_hold-still-waterloo.jpg]
[www.npg.org.uk/learning/schools-and-colleges/art1/practical-art-workshops.html]
[www.npg.org.uk/assets/images/learning/families/512_NPG2082.jpg]
[www.npg.org.uk/assets/images/whatson/events/264_MarysaDowlinr.jpg]
[www.npg.org.uk/assets/images/collections/568_NPGx20019.jpg]
[www.npg.org.uk/assets/images/collections/568_NPGAx50057.jpg]
[www.npg.org.uk/assets/images/logos/200_delancey.png]
[www.npg.org.uk/learning/schools-and-colleges/art1/photography.html]
[www.npg.org.uk/assets/images/assets/learningoutreach/school-college/264_photocamera.jpg]
[www.npg.org.uk/assets/images/shop/banner/568_buy-a-print.jpg]
[www.npg.org.uk/assets/images/assets/blog/1000-decant-Elizabeth-I.jpg]
[www.npg.org.uk/assets/images/visit/568_2015_NPG_Exterior_North_East_Corner.jpg]
[www.npg.org.uk/assets/images/whatson/events/400_Nina.jpg]
[www.npg.org.uk/assets/images/assets/learningoutreach/school-college/231_Boys_infur.jpg]
[www.npg.org.uk/assets/images/shop/src_images/568_shop-scarf_map_of_days.jpg]
[collectionimages.npg.org.uk/std/mw292484/mw292484.jpg]
[collectionimages.npg.org.uk/std/mw279782/mw279782.jpg]
[collectionimages.npg.org.uk/std/mw143766/mw143766.jpg]
[www.npg.org.uk/assets/images/assets/BPPortraitAward/2014/264_BPJordan.jpg]
[www.npg.org.uk/assets/images/shop/src_images/2013_1030.jpg]
[www.npg.org.uk/assets/images/264_Taylor_Wessing.jpg]
[www.npg.org.uk/assets/images/assets/learningoutreach/school-college/264_HaKone.jpg]
[www.npg.org.uk/assets/images/whatson/display/264_SelfPortrait_Goodman.jpg]
[www.npg.org.uk/assets/images/whatson/display/FelixPrice.jpg]
[www.npg.org.uk/assets/images/assets/exhibition-loans/taylor-wessing/264_ David Stewart.jpg]
[www.npg.org.uk/assets/images/assets/display/264_elisabeth_SusanAldworth.jpg]
[www.npg.org.uk/assets/images/assets/display/PPP11_jooney_woodward.jpg]
[collectionimages.npg.org.uk/std/mw193578/mw193578.jpg]
[collectionimages.npg.org.uk/std/mw75232/mw75232.jpg]
[www.npg.org.uk/assets/images/assets/BPPortraitAward/2011/MeetArtist_27062011.jpg]
[www.npg.org.uk/assets/images/assets/exhibition-loans/chasing-mirrors/reebok_classic.jpg]
[www.npg.org.uk/assets/images/assets/exhibition-loans/taylor-wessing/PPP10_DavidGraham.jpg]
[www.npg.org.uk/assets/images/assets/exhibition-loans/chasing-mirrors/main_chasingmirrors_year2.jpg]
[collectionimages.npg.org.uk/std/mw10200/mw10200.jpg]
[www.npg.org.uk/assets/images/assets/BPPortraitAward/2009/l3082.jpg]
[collectionimages.npg.org.uk/std/mw200031/mw200031.jpg]
[www.npg.org.uk/assets/images/assets/BPPortraitAward/2009/l0562.jpg]
[www.npg.org.uk/assets/images/assets/exhibition-loans/chasing-mirrors/chasingmirrors_tallo1.jpg]
[www.npg.org.uk/assets/images/assets/learningoutreach/meetartist_Holly.gif]
[www.npg.org.uk/assets/images/assets/exhibition-loans/ppp09_church_hats.jpg]
[www.npg.org.uk/assets/migrated_assets/images/learning/schools/secondary-schools/NPGed_bptimhyman.jpg]
[www.npg.org.uk/assets/migrated_assets/images/learning/schools/secondary-schools/NPGed_andrewtift.jpg]
[www.npg.org.uk/assets/images/assets/exhibition-loans/indian-portrait/NPG_SinghTwins_ArtsMatters.jpg]
[www.npg.org.uk/learning/schools-and-colleges/art1/meet-the-artist-past-sessions.html]
[collectionimages.npg.org.uk/std/mw142352/mw142352.jpg]
[www.npg.org.uk/assets/migrated_assets/images/learning/schools/secondary-schools/NPGed_davidking.jpg]
[collectionimages.npg.org.uk/std/mw148614/mw148614.jpg]
[www.npg.org.uk/learning/schools-and-colleges/art1/meet-the-artist.html]
[www.npg.org.uk/learning/digital/practice-of-portraiture.html]
[www.npg.org.uk/assets/images/learning/568_Atlanta2.jpg]
[www.npg.org.uk/assets/images/learning/264_TWPPP20-00244.jpg]
[www.npg.org.uk/assets/images/collections/568_NPG6835.jpg]
[www.npg.org.uk/assets/images/collections/568_NPGAx7779.jpg]
[www.npg.org.uk/assets/images/collections/568_NPG6937.jpg]
[www.npg.org.uk/assets/images/collections/568_NPG6923.jpg]
[www.npg.org.uk/assets/images/learning/schools/2000_MeetArtist.jpg]
[collectionimages.npg.org.uk/std/mw131047/mw131047.jpg]
[www.npg.org.uk/assets/images/learning/568_bp-next-generation.jpg]
[www.npg.org.uk/learning/digital/citizenship.html]
[www.npg.org.uk/learning/digital/portraiture/self-image/glossary.html]
[www.npg.org.uk/assets/images/collections/568_NPG4451-2.jpg]
[www.npg.org.uk/assets/microsites/encounter/images/568_ Drawing-Techniques.jpg]
[www.npg.org.uk/assets/images/collections/568_NPG6252.jpg]
[www.npg.org.uk/learning/digital/history/suffragettes-quiz.html]
[www.npg.org.uk/assets/images/collections/568_NPG3778.jpg]
[www.npg.org.uk/assets/microsites/hold-still/images/568_hold-still-workshop.jpg]
[www.npg.org.uk/assets/images/collections/568_NPGAx61384.jpg]
[www.npg.org.uk/assets/microsites/timeline_boots/568_use_of_the_lister_carbolic_spray.jpg]
[www.npg.org.uk/assets/games/oak_tree/images/2000_5251.jpg]
[www.npg.org.uk/assets/games/oak_tree/images/NPG1499.jpg]
[www.npg.org.uk/assets/games/oak_tree/images/NPG5247.jpg]
[www.npg.org.uk/assets/games/oak_tree/images/NPG5248.jpg]
[www.npg.org.uk/assets/games/oak_tree/images/NPG5249.jpg]
[www.npg.org.uk/learning/digital/history/charles-in-a-tree/index.html]
[www.npg.org.uk/assets/images/collections/568_999.jpg]
[www.npg.org.uk/assets/games/oak_tree/images/NPG5250.jpg]
[www.npg.org.uk/assets/games/oak_tree/images/NPG5251.jpg]
[www.npg.org.uk/assets/games/oak_tree/images/NPG531.jpg]
[collectionimages.npg.org.uk/std/mw01232/mw01232.jpg]
[www.npg.org.uk/learning/digital/history/charles-in-a-tree/the-end.html]
[collectionimages.npg.org.uk/panel/mw01233/mw01233.jpg]
[collectionimages.npg.org.uk/panel/mw01072/mw01072.jpg]
[collectionimages.npg.org.uk/panel/mw01073/mw01073.jpg]
[collectionimages.npg.org.uk/panel/mw04940/mw04940.jpg]
[collectionimages.npg.org.uk/panel/mw02231/mw02231.jpg]
[collectionimages.npg.org.uk/panel/mw01235/mw01235.jpg]
[www.npg.org.uk/assets/images/assets/learningoutreach/family-webquest/family.gif]
[collectionimages.npg.org.uk/std/mw61664/mw61664.jpg]
[www.npg.org.uk/assets/images/assets/learningoutreach/family-webquest/webquesttitle.gif]
[www.npg.org.uk/assets/images/assets/learningoutreach/family-webquest/tudor.gif]
[www.npg.org.uk/learning/digital/interviews-with-artists-and-sitters/families-in-art-webquest/index.html]
[www.npg.org.uk/assets/images/assets/learningoutreach/family-webquest/familytitle.gif]
[collectionimages.npg.org.uk/std/mw01734/mw01734.jpg]
[www.npg.org.uk/assets/images/assets/learningoutreach/family-webquest/next.gif]
[collectionimages.npg.org.uk/panel/mw00154/mw00154.jpg]
[www.npg.org.uk/learning/digital/interviews-with-artists-and-sitters/families-in-art-webquest/make-your-own-family-portrait/index.html]
[www.npg.org.uk/assets/images/layout/InotAval.gif]
[www.npg.org.uk/learning/digital/interviews-with-artists-and-sitters/families-in-art-webquest/make-your-own-family/whats-happening.b.delay]
[collectionimages.npg.org.uk/panel/mw86362/mw86362.jpg]
[collectionimages.npg.org.uk/panel/mw70968/mw70968.jpg]
[www.npg.org.uk/assets/images/assets/learningoutreach/family-webquest/tudor1.gif]
[www.npg.org.uk/assets/images/assets/learningoutreach/family-webquest/dots1.gif]
[collectionimages.npg.org.uk/panel/mw08492/The-daughters-of-William-Bramwell-Booth-Olive-Emma-Booth-Dora-Booth-Catherine-Bramwell-Booth.8f]
[collectionimages.npg.org.uk/panel/mw11215/mw11215.jpg]
[collectionimages.npg.org.uk/panel/mw85417/mw85417.jpg]
[www.npg.org.uk/visit2017/568_YouTube-NPG.jpg]
[collectionimages.npg.org.uk/panel/mw69533/mw69533.jpg]
[www.npg.org.uk/assets/microsites/bp2020/images/568_2020_BP_Portrait_Award_work_0863.jpg]
[collectionimages.npg.org.uk/panel/mw84827/mw84827.jpg]
[www.npg.org.uk/learning/digital/interviews-with-artists-and-sitters/families-in-art-webquest/make-your-own-family/who-and-how-many.c.dela]
[collectionimages.npg.org.uk/panel/mw54482/mw54482.jpg]
[collectionimages.npg.org.uk/panel/mw84559/mw84559.jpg]
[www.npg.org.uk/assets/images/assets/learningoutreach/family-webquest/back.gif]
[www.npg.org.uk/assets/images/assets/learningoutreach/family-webquest/dots2.gif]
[www.npg.org.uk/assets/images/visit/568_youtube-sleeping-awake.jpg]
[collectionimages.npg.org.uk/panel/mw08384/mw08384.jpg]
[collectionimages.npg.org.uk/panel/mw00023/mw00023.jpg]
[collectionimages.npg.org.uk/panel/mw56742/mw56742.jpg]
[www.npg.org.uk/learning/digital/interviews-with-artists-and-sitters/families-in-art-webquest/make-your-own-family-p/what-to-wear.d.delaye]
[collectionimages.npg.org.uk/panel/mw116474/mw116474.jpg]
[www.npg.org.uk/learning/digital/interviews-with-artists-and-sitters/families-in-art-webquest/make-your-own-family-p/making-faces.e.delaye]
[www.npg.org.uk/assets/images/assets/learningoutreach/family-webquest/dots3.gif]
[collectionimages.npg.org.uk/panel/mw19417/mw19417.jpg]
[collectionimages.npg.org.uk/panel/mw05205/mw05205.jpg]
[collectionimages.npg.org.uk/panel/mw59086/mw59086.jpg]
[collectionimages.npg.org.uk/panel/mw04476/mw04476.jpg]
[www.npg.org.uk/learning/digital/interviews-with-artists-and-sitters/families-in-art-webquest/make-your-own-family-por/behind-you.f.delaye]
[www.npg.org.uk/assets/images/assets/learningoutreach/family-webquest/dots4.gif]
[www.npg.org.uk/assets/images/collections/568_NPG6468.jpg]
[www.npg.org.uk/assets/microsites/eggleston/images/568_Eggleston-playlist.jpg]
[www.npg.org.uk/assets/images/collections/568_NPG6351.jpg]
[www.npg.org.uk/learning/digital/interviews-with-artists-and-sitters/families-in-art-webquest/make-your-own-family-portr/animals.10.delaye]
[collectionimages.npg.org.uk/panel/mw08092/mw08092.jpg]
[collectionimages.npg.org.uk/panel/mw05618/mw05618.jpg]
[collectionimages.npg.org.uk/panel/mw00158/mw00158.jpg]
[collectionimages.npg.org.uk/panel/mw50245/mw50245.jpg]
[www.npg.org.uk/assets/images/assets/learningoutreach/family-webquest/dots5.gif]
[collectionimages.npg.org.uk/panel/mw58108/mw58108.jpg]
[collectionimages.npg.org.uk/panel/mw08478/mw08478.jpg]
[collectionimages.npg.org.uk/panel/mw09949/mw09949.jpg]
[www.npg.org.uk/learning/digital/interviews-with-artists-and-sitters/families-in-art-webquest/make-your-own-family/everything-else.11.dela]
[www.npg.org.uk/learning/digital/interviews-with-artists-and-sitters/families-in-art-webquest/make-your-own-family/landscape-or-portrait.1]
[www.npg.org.uk/assets/images/assets/learningoutreach/family-webquest/dots6.gif]
[collectionimages.npg.org.uk/panel/mw08482/mw08482.jpg]
[collectionimages.npg.org.uk/panel/mw08477/mw08477.jpg]
[collectionimages.npg.org.uk/panel/mw03422/mw03422.jpg]
[www.npg.org.uk/learning/digital/interviews-with-artists-and-sitters/families-in-art-webquest/make-your-own-family/how-will-you-arrange-ev]
[collectionimages.npg.org.uk/panel/mw120574/mw120574.jpg]
[www.npg.org.uk/assets/images/assets/learningoutreach/family-webquest/dots7.gif]
[collectionimages.npg.org.uk/panel/mw58450/mw58450.jpg]
[www.npg.org.uk/assets/images/assets/learningoutreach/family-webquest/finalfamily.jpg]
[www.npg.org.uk/assets/images/assets/learningoutreach/family-webquest/dots8.gif]
[collectionimages.npg.org.uk/panel/mw02489/mw02489.jpg]
[collectionimages.npg.org.uk/panel/mw03457/mw03457.jpg]
[www.npg.org.uk/learning/digital/interviews-with-artists-and-sitters/families-in-art-webquest/make-your-own-family-por/well-done.14.delaye]
[www.npg.org.uk/assets/images/assets/learningoutreach/family-webquest/tutorial3.jpg]
[www.npg.org.uk/assets/microsites/hold-still/banners/568_HS-learning-resource.jpg]
[www.npg.org.uk/assets/images/collections/568_NPG6856.jpg]
[www.npg.org.uk/learning/digital/interviews-with-artists-and-sitters/families-in-art-webquest/navigating-the-webquest.html]
[www.npg.org.uk/assets/images/assets/learningoutreach/family-webquest/dots9.gif]
[www.npg.org.uk/assets/images/learning/playful-portraits/568-playful-portraits.jpg]
[collectionimages.npg.org.uk/panel/mw00149/mw00149.jpg]
[collectionimages.npg.org.uk/panel/mw01064/mw01064.jpg]
[collectionimages.npg.org.uk/panel/mw84124/Loel-Patrick-Guinness-Victoria-Christina-Niarchos-ne-Guinness-Maria-Alexandra-Guinness.c2.delay]
[www.npg.org.uk/assets/images/assets/learningoutreach/family-webquest/dots10.gif]
[collectionimages.npg.org.uk/panel/mw00882/mw00882.jpg]
[collectionimages.npg.org.uk/panel/mw08291/mw08291.jpg]
[www.npg.org.uk/assets/images/assets/learningoutreach/family-webquest/dots11.gif]
[www.npg.org.uk/assets/images/assets/learningoutreach/family-webquest/family1.gif]
[www.npg.org.uk/assets/images/assets/learningoutreach/family-webquest/next_blue.gif]
[www.npg.org.uk/assets/images/assets/learningoutreach/family-webquest/tudortitle.gif]
[www.npg.org.uk/learning/digital/interviews-with-artists-and-sitters/families-in-art-webquest/tudor-family-portraits/index.html]
[www.npg.org.uk/assets/images/assets/learningoutreach/family-webquest/dots1_blue.gif]
[www.npg.org.uk/assets/images/assets/learningoutreach/family-webquest/back_blue.gif]
[www.npg.org.uk/learning/digital/interviews-with-artists-and-sitters/families-in-art-webquest/tudor-family-portraits/start.html]
[www.npg.org.uk/assets/images/assets/learningoutreach/family-webquest/dots2_blue.gif]
[collectionimages.npg.org.uk/panel/mw02079/mw02079.jpg]
[collectionimages.npg.org.uk/panel/mw01734/mw01734.jpg]
[collectionimages.npg.org.uk/panel/mw03086/mw03086.jpg]
[collectionimages.npg.org.uk/panel/mw03077/mw03077.jpg]
[www.npg.org.uk/learning/digital/interviews-with-artists-and-sitters/families-in-art-webquest/tudor-family-portrai/who-to-include.17.delay]
[www.npg.org.uk/learning/digital/interviews-with-artists-and-sitters/families-in-art-webquest/tudor-family-portrai/choose-your-portrait.18]
[collectionimages.npg.org.uk/panel/mw04266/mw04266.jpg]
[collectionimages.npg.org.uk/panel/mw02077/mw02077.jpg]
[collectionimages.npg.org.uk/panel/mw02033/mw02033.jpg]
[www.npg.org.uk/learning/digital/interviews-with-artists-and-sitters/families-in-art-webquest/tudor-family-portraits/henry-viii.html]
[www.npg.org.uk/assets/images/assets/learningoutreach/family-webquest/dots5_blue.gif]
[www.npg.org.uk/assets/images/assets/learningoutreach/family-webquest/dots3_blue.gif]
[www.npg.org.uk/assets/images/assets/learningoutreach/family-webquest/dots4_blue.gif]
[www.npg.org.uk/learning/digital/interviews-with-artists-and-sitters/families-in-art-webquest/tudor-family-portrait/other-tudors.1a.delaye]
[www.npg.org.uk/assets/images/assets/learningoutreach/family-webquest/search.jpg]
[www.npg.org.uk/assets/images/assets/learningoutreach/family-webquest/creamshim.gif]
[www.npg.org.uk/assets/images/assets/learningoutreach/family-webquest/dots6_blue.gif]
[www.npg.org.uk/assets/images/assets/learningoutreach/family-webquest/photoshop.jpg]
[www.npg.org.uk/learning/digital/interviews-with-artists-and-sitters/families-in-art-webquest/tudor-family-portrai/making-your-portrait.1b]
[www.npg.org.uk/learning/digital/interviews-with-artists-and-sitters/families-in-art-webquest/tudor-family-portraits/well-done1.html]
[www.npg.org.uk/learning/webquests.html]
[www.npg.org.uk/assets/images/assets/learningoutreach/family-webquest/dots8_blue.gif]
[www.npg.org.uk/assets/images/assets/learningoutreach/family-webquest/dots7_blue.gif]
[collectionimages.npg.org.uk/panel/mw00143/mw00143.jpg]
[www.npg.org.uk/assets/css/maineb77.css]
[www.npg.org.uk/learning/digital/history/shakespeare-quiz.html]
[www.npg.org.uk/assets/css/main156f.css]
[www.npg.org.uk/assets/css/mobile8e0e.css]
[www.npg.org.uk/assets/css/desktop30f4.css]
[www.npg.org.uk/assets/css/print.css]
[www.npg.org.uk/assets/css/fullwidthpagef9e3.css]
[www.npg.org.uk/assets/css/maineb77.css]
