[www.npg.org.uk/learning/digital/interviews-with-artists-and-sitters/families-in-art-webquest/make-your-own-family-portrait/whats-happening.html]
[www.npg.org.uk/learning/digital/history/suffragettes-quiz.html]
[www.npg.org.uk/learning/digital/interviews-with-artists-and-sitters/families-in-art-webquest/index.html]
[www.npg.org.uk/learning/digital/interviews-with-artists-and-sitters/families-in-art-webquest/make-your-own-family-portrait/index.html]
[www.npg.org.uk/learning/digital/interviews-with-artists-and-sitters/families-in-art-webquest/make-your-own-family-portrait/who-and-how-many.html]
[www.npg.org.uk/learning/digital/interviews-with-artists-and-sitters/families-in-art-webquest/make-your-own-family-portrait/what-to-wear.html]
[www.npg.org.uk/learning/digital/interviews-with-artists-and-sitters/families-in-art-webquest/make-your-own-family-portrait/making-faces.html]
[www.npg.org.uk/learning/digital/interviews-with-artists-and-sitters/families-in-art-webquest/make-your-own-family-portrait/behind-you.html]
[www.npg.org.uk/learning/digital/interviews-with-artists-and-sitters/families-in-art-webquest/make-your-own-family-portrait/animals.html]
[www.npg.org.uk/learning/digital/interviews-with-artists-and-sitters/families-in-art-webquest/make-your-own-family-portrait/everything-else.html]
[www.npg.org.uk/learning/digital/interviews-with-artists-and-sitters/families-in-art-webquest/make-your-own-family-portrait/landscape-or-portrait.html]
[www.npg.org.uk/learning/digital/interviews-with-artists-and-sitters/families-in-art-webquest/make-your-own-family-portrait/how-will-you-arrange-everyone.html]
[www.npg.org.uk/learning/digital/interviews-with-artists-and-sitters/families-in-art-webquest/make-your-own-family-portrait/well-done.html]
[www.npg.org.uk/learning/digital/interviews-with-artists-and-sitters/families-in-art-webquest/navigating-the-webquest.html]
[www.npg.org.uk/learning/digital/interviews-with-artists-and-sitters/families-in-art-webquest/tudor-family-portraits/start.html]
[www.npg.org.uk/learning/digital/interviews-with-artists-and-sitters/families-in-art-webquest/tudor-family-portraits/index.html]
[www.npg.org.uk/learning/digital/interviews-with-artists-and-sitters/families-in-art-webquest/tudor-family-portraits/who-to-include.html]
[www.npg.org.uk/learning/digital/interviews-with-artists-and-sitters/families-in-art-webquest/tudor-family-portraits/choose-your-portrait.html]
[www.npg.org.uk/learning/digital/interviews-with-artists-and-sitters/families-in-art-webquest/tudor-family-portraits/henry-viii.html]
[www.npg.org.uk/learning/digital/interviews-with-artists-and-sitters/families-in-art-webquest/tudor-family-portraits/other-tudors.html]
[www.npg.org.uk/learning/digital/interviews-with-artists-and-sitters/families-in-art-webquest/tudor-family-portraits/making-your-portrait.html]
[www.npg.org.uk/learning/digital/interviews-with-artists-and-sitters/families-in-art-webquest/tudor-family-portraits/well-done1.html]
[backblue.gif]
[fade.gif]
[index.html]
[www.npg.org.uk/favicon.png]
[www.npg.org.uk/assets/css/maineb77.css]
[www.npg.org.uk/assets/css/mobile8e0e.css]
[www.npg.org.uk/learning/digital/history/shakespeare-quiz.html]
[www.npg.org.uk/assets/css/desktop30f4.css]
[www.npg.org.uk/assets/images/layout/logo_white_bg.gif]
[www.npg.org.uk/assets/css/print.css]
[www.npg.org.uk/assets/images/layout/logo_trans_black.png]
[www.npg.org.uk/assets/images/collections/568_NPG4451-2.jpg]
[www.npg.org.uk/assets/images/collections/568_NPG6252.jpg]
[www.npg.org.uk/assets/images/layout/print_page.gif]
[www.npg.org.uk/assets/images/collections/568_NPGAx61384.jpg]
[www.npg.org.uk/learning/digital/history/suffragettes-quiz.html]
[www.npg.org.uk/assets/microsites/timeline_boots/568_use_of_the_lister_carbolic_spray.jpg]
[www.npg.org.uk/assets/css/fullwidthpagef9e3.css]
[www.npg.org.uk/learning/digital/interviews-with-artists-and-sitters/families-in-art-webquest/index.html]
[www.npg.org.uk/assets/images/assets/learningoutreach/family-webquest/familytitle.gif]
[www.npg.org.uk/assets/images/visit/568_2015_NPG_Exterior_North_East_Corner.jpg]
[collectionimages.npg.org.uk/panel/mw70968/mw70968.jpg]
[www.npg.org.uk/assets/images/shop/src_images/568_shop-scarf_map_of_days.jpg]
[www.npg.org.uk/assets/images/shop/banner/568_buy-a-print.jpg]
[collectionimages.npg.org.uk/panel/mw00154/mw00154.jpg]
[collectionimages.npg.org.uk/panel/mw86362/mw86362.jpg]
[www.npg.org.uk/assets/images/assets/learningoutreach/family-webquest/webquesttitle.gif]
[www.npg.org.uk/assets/images/layout/InotAval.gif]
[collectionimages.npg.org.uk/panel/mw11215/mw11215.jpg]
[collectionimages.npg.org.uk/panel/mw08492/mw08492.jpg]
[www.npg.org.uk/assets/images/assets/learningoutreach/family-webquest/next.gif]
[www.npg.org.uk/assets/images/assets/learningoutreach/family-webquest/tudor1.gif]
[www.npg.org.uk/assets/images/assets/learningoutreach/family-webquest/dots1.gif]
[www.npg.org.uk/assets/images/assets/learningoutreach/family-webquest/family.gif]
[collectionimages.npg.org.uk/std/mw61664/mw61664.jpg]
[www.npg.org.uk/learning/digital/interviews-with-artists-and-sitters/families-in-art-webquest/make-your-own-family-portrait/index.html]
[www.npg.org.uk/assets/images/assets/learningoutreach/family-webquest/tudor.gif]
[collectionimages.npg.org.uk/std/mw01734/mw01734.jpg]
[collectionimages.npg.org.uk/panel/mw69533/mw69533.jpg]
[www.npg.org.uk/assets/images/assets/blog/1000-decant-Elizabeth-I.jpg]
[www.npg.org.uk/assets/images/collections/568_NPGx20019.jpg]
[www.npg.org.uk/assets/images/collections/568_NPGAx50057.jpg]
[www.npg.org.uk/assets/images/collections/568_NPG6351.jpg]
[www.npg.org.uk/assets/microsites/eggleston/images/568_Eggleston-playlist.jpg]
[www.npg.org.uk/assets/images/collections/568_NPG6468.jpg]
[collectionimages.npg.org.uk/panel/mw85417/mw85417.jpg]
[collectionimages.npg.org.uk/panel/mw54482/mw54482.jpg]
[collectionimages.npg.org.uk/panel/mw84827/mw84827.jpg]
[collectionimages.npg.org.uk/panel/mw84559/mw84559.jpg]
[collectionimages.npg.org.uk/panel/mw08384/mw08384.jpg]
[collectionimages.npg.org.uk/panel/mw00023/mw00023.jpg]
[www.npg.org.uk/assets/images/assets/learningoutreach/family-webquest/back.gif]
[www.npg.org.uk/assets/images/assets/learningoutreach/family-webquest/dots2.gif]
[www.npg.org.uk/assets/images/support/568_membership.jpg]
[www.npg.org.uk/assets/images/568_social.jpg]
[www.npg.org.uk/learning/digital/interviews-with-artists-and-sitters/families-in-art-webquest/make-your-own-family-portrait/whats-happening.html]
[collectionimages.npg.org.uk/panel/mw56742/mw56742.jpg]
[www.npg.org.uk/assets/images/collections/568_NPG6662.jpg]
[collectionimages.npg.org.uk/panel/mw05205/mw05205.jpg]
[collectionimages.npg.org.uk/panel/mw116474/mw116474.jpg]
[collectionimages.npg.org.uk/panel/mw59086/mw59086.jpg]
[collectionimages.npg.org.uk/panel/mw19417/mw19417.jpg]
[www.npg.org.uk/learning/digital/interviews-with-artists-and-sitters/families-in-art-webquest/make-your-own-family-portrait/who-and-how-many.html]
[www.npg.org.uk/assets/images/assets/learningoutreach/family-webquest/dots3.gif]
[collectionimages.npg.org.uk/panel/mw04476/mw04476.jpg]
[collectionimages.npg.org.uk/panel/mw08092/mw08092.jpg]
[www.npg.org.uk/assets/images/assets/learningoutreach/family-webquest/dots4.gif]
[www.npg.org.uk/visit2017/568_YouTube-NPG.jpg]
[www.npg.org.uk/assets/microsites/bp2020/images/568_2020_BP_Portrait_Award_work_0863.jpg]
[www.npg.org.uk/learning/digital/interviews-with-artists-and-sitters/families-in-art-webquest/make-your-own-family-portrait/what-to-wear.html]
[www.npg.org.uk/assets/images/visit/568_youtube-sleeping-awake.jpg]
[collectionimages.npg.org.uk/panel/mw05618/mw05618.jpg]
[collectionimages.npg.org.uk/panel/mw00158/mw00158.jpg]
[collectionimages.npg.org.uk/panel/mw50245/mw50245.jpg]
[collectionimages.npg.org.uk/panel/mw58108/mw58108.jpg]
[www.npg.org.uk/learning/digital/interviews-with-artists-and-sitters/families-in-art-webquest/make-your-own-family-portrait/making-faces.html]
[www.npg.org.uk/assets/images/assets/learningoutreach/family-webquest/dots5.gif]
[collectionimages.npg.org.uk/panel/mw08478/mw08478.jpg]
[collectionimages.npg.org.uk/panel/mw09949/mw09949.jpg]
[collectionimages.npg.org.uk/panel/mw08482/mw08482.jpg]
[collectionimages.npg.org.uk/panel/mw03422/mw03422.jpg]
[www.npg.org.uk/assets/images/assets/learningoutreach/family-webquest/dots6.gif]
[www.npg.org.uk/assets/images/learning/playful-portraits/568-playful-portraits.jpg]
[www.npg.org.uk/assets/images/collections/568_NPG6856.jpg]
[www.npg.org.uk/learning/digital/interviews-with-artists-and-sitters/families-in-art-webquest/make-your-own-family-portrait/behind-you.html]
[www.npg.org.uk/assets/microsites/hold-still/banners/568_HS-learning-resource.jpg]
[collectionimages.npg.org.uk/panel/mw03457/mw03457.jpg]
[collectionimages.npg.org.uk/panel/mw08477/mw08477.jpg]
[www.npg.org.uk/learning/digital/interviews-with-artists-and-sitters/families-in-art-webquest/make-your-own-family-portrait/animals.html]
[www.npg.org.uk/assets/images/assets/learningoutreach/family-webquest/dots7.gif]
[collectionimages.npg.org.uk/panel/mw120574/mw120574.jpg]
[collectionimages.npg.org.uk/panel/mw58450/mw58450.jpg]
[collectionimages.npg.org.uk/panel/mw02489/mw02489.jpg]
[www.npg.org.uk/learning/digital/interviews-with-artists-and-sitters/families-in-art-webquest/make-your-own-family-portrait/everything-else.html]
[www.npg.org.uk/assets/images/assets/learningoutreach/family-webquest/dots8.gif]
[collectionimages.npg.org.uk/panel/mw00149/mw00149.jpg]
[www.npg.org.uk/assets/images/assets/learningoutreach/family-webquest/dots9.gif]
[www.npg.org.uk/learning/digital/interviews-with-artists-and-sitters/families-in-art-webquest/make-your-own-family-portrait/landscape-or-portrait.html]
[collectionimages.npg.org.uk/panel/mw01064/mw01064.jpg]
[collectionimages.npg.org.uk/panel/mw84124/mw84124.jpg]
[collectionimages.npg.org.uk/panel/mw00882/mw00882.jpg]
[www.npg.org.uk/assets/images/assets/learningoutreach/family-webquest/dots10.gif]
[www.npg.org.uk/assets/images/visit/568_TWPPP_00244.jpg]
[www.npg.org.uk/assets/images/visit/568_hold-still-waterloo.jpg]
[www.npg.org.uk/learning/digital/interviews-with-artists-and-sitters/families-in-art-webquest/make-your-own-family-portrait/how-will-you-arrange-everyone.html]
[www.npg.org.uk/assets/microsites/hockney/images/568_David-Hockney-shots.jpg]
[www.npg.org.uk/assets/images/assets/learningoutreach/family-webquest/finalfamily.jpg]
[www.npg.org.uk/learning/digital/interviews-with-artists-and-sitters/families-in-art-webquest/make-your-own-family-portrait/well-done.html]
[www.npg.org.uk/assets/images/assets/learningoutreach/family-webquest/dots11.gif]
[www.npg.org.uk/assets/images/assets/learningoutreach/family-webquest/tutorial3.jpg]
[collectionimages.npg.org.uk/panel/mw08291/mw08291.jpg]
[www.npg.org.uk/learning/digital/interviews-with-artists-and-sitters/families-in-art-webquest/navigating-the-webquest.html]
[www.npg.org.uk/assets/images/assets/learningoutreach/family-webquest/tudortitle.gif]
[collectionimages.npg.org.uk/panel/mw02079/mw02079.jpg]
[www.npg.org.uk/assets/images/assets/learningoutreach/family-webquest/next_blue.gif]
[www.npg.org.uk/assets/images/assets/learningoutreach/family-webquest/family1.gif]
[www.npg.org.uk/assets/images/assets/learningoutreach/family-webquest/dots1_blue.gif]
[www.npg.org.uk/learning/digital/interviews-with-artists-and-sitters/families-in-art-webquest/tudor-family-portraits/index.html]
[collectionimages.npg.org.uk/panel/mw01734/mw01734.jpg]
[www.npg.org.uk/assets/images/assets/learningoutreach/family-webquest/back_blue.gif]
[www.npg.org.uk/learning/digital/interviews-with-artists-and-sitters/families-in-art-webquest/tudor-family-portraits/start.html]
[www.npg.org.uk/assets/images/assets/learningoutreach/family-webquest/dots2_blue.gif]
[collectionimages.npg.org.uk/panel/mw03086/mw03086.jpg]
[collectionimages.npg.org.uk/panel/mw03077/mw03077.jpg]
[collectionimages.npg.org.uk/panel/mw04266/mw04266.jpg]
[collectionimages.npg.org.uk/panel/mw02033/mw02033.jpg]
[collectionimages.npg.org.uk/panel/mw02077/mw02077.jpg]
[www.npg.org.uk/assets/images/assets/learningoutreach/family-webquest/dots3_blue.gif]
[www.npg.org.uk/assets/images/collections/371_NPG1.jpg]
[www.npg.org.uk/assets/images/collections/371_NPG224.jpg]
[www.npg.org.uk/learning/digital/interviews-with-artists-and-sitters/families-in-art-webquest/tudor-family-portraits/who-to-include.html]
[www.npg.org.uk/assets/images/learning/families/512_NPG2082.jpg]
[www.npg.org.uk/assets/images/assets/learningoutreach/family-webquest/dots4_blue.gif]
[www.npg.org.uk/learning/digital/interviews-with-artists-and-sitters/families-in-art-webquest/tudor-family-portraits/choose-your-portrait.html]
[www.npg.org.uk/assets/images/assets/learningoutreach/family-webquest/search.jpg]
[www.npg.org.uk/assets/images/assets/learningoutreach/family-webquest/dots5_blue.gif]
[www.npg.org.uk/learning/digital/interviews-with-artists-and-sitters/families-in-art-webquest/tudor-family-portraits/henry-viii.html]
[collectionimages.npg.org.uk/panel/mw00143/mw00143.jpg]
[www.npg.org.uk/assets/images/assets/learningoutreach/family-webquest/creamshim.gif]
[www.npg.org.uk/learning/digital/interviews-with-artists-and-sitters/families-in-art-webquest/tudor-family-portraits/other-tudors.html]
[www.npg.org.uk/assets/images/assets/learningoutreach/family-webquest/dots6_blue.gif]
[www.npg.org.uk/assets/images/assets/learningoutreach/family-webquest/photoshop.jpg]
[www.npg.org.uk/assets/images/assets/learningoutreach/family-webquest/dots7_blue.gif]
[www.npg.org.uk/assets/images/learning/568_bp-next-generation.jpg]
[www.npg.org.uk/learning/digital/interviews-with-artists-and-sitters/families-in-art-webquest/tudor-family-portraits/making-your-portrait.html]
[www.npg.org.uk/assets/microsites/hold-still/images/568_hold-still-workshop.jpg]
[www.npg.org.uk/assets/images/assets/learningoutreach/family-webquest/dots8_blue.gif]
[www.npg.org.uk/learning/digital/interviews-with-artists-and-sitters/families-in-art-webquest/tudor-family-portraits/well-done1.html]
[www.npg.org.uk/assets/css/maineb77.css]
[www.npg.org.uk/assets/css/mobile8e0e.css]
[www.npg.org.uk/assets/css/desktop30f4.css]
[www.npg.org.uk/assets/css/print.css]
[www.npg.org.uk/assets/css/fullwidthpagef9e3.css]
[www.npg.org.uk/assets/images/collections/568_NPGD48094.jpg]
[www.npg.org.uk/assets/microsites/encounter/images/568_ Drawing-Techniques.jpg]
