[www.npg.org.uk/research/support-research.html]
[backblue.gif]
[fade.gif]
[index.html]
[www.npg.org.uk/learning/digital/history/suffragettes-quiz.html]
[www.npg.org.uk/learning/digital/interviews-with-artists-and-sitters/families-in-art-webquest/index.html]
[www.npg.org.uk/assets/css/mobile8e0e.css]
[www.npg.org.uk/assets/css/maineb77.css]
[www.npg.org.uk/favicon.png]
[www.npg.org.uk/learning/digital/history/shakespeare-quiz.html]
[www.npg.org.uk/learning/digital/history/suffragettes-quiz.html]
[www.npg.org.uk/assets/css/print.css]
[www.npg.org.uk/assets/css/desktop30f4.css]
[www.npg.org.uk/assets/images/layout/logo_trans_black.png]
[www.npg.org.uk/assets/images/collections/568_NPG6351.jpg]
[www.npg.org.uk/assets/microsites/eggleston/images/568_Eggleston-playlist.jpg]
[www.npg.org.uk/learning/digital/interviews-with-artists-and-sitters/families-in-art-webquest/index.html]
[www.npg.org.uk/assets/images/collections/568_NPG6468.jpg]
[www.npg.org.uk/assets/images/layout/logo_white_bg.gif]
[www.npg.org.uk/assets/images/layout/print_page.gif]
[collectionimages.npg.org.uk/std/mw05508/mw05508.jpg]
[www.npg.org.uk/assets/css/fullwidthpagef9e3.css]
[www.npg.org.uk/assets/images/support/568_membership.jpg]
[www.npg.org.uk/assets/images/568_social.jpg]
[www.npg.org.uk/research/support-research.html]
[www.npg.org.uk/assets/css/maineb77.css]
[www.npg.org.uk/assets/images/shop/banner/568_buy-a-print.jpg]
[www.npg.org.uk/assets/css/mobile8e0e.css]
[www.npg.org.uk/assets/images/collections/568_NPG6662.jpg]
[www.npg.org.uk/assets/css/desktop30f4.css]
[www.npg.org.uk/assets/images/visit/568_2015_NPG_Exterior_North_East_Corner.jpg]
[www.npg.org.uk/assets/css/print.css]
[www.npg.org.uk/assets/images/collections/568_NPGx20019.jpg]
[www.npg.org.uk/assets/css/fullwidthpagef9e3.css]
[www.npg.org.uk/assets/images/shop/src_images/568_shop-scarf_map_of_days.jpg]
[www.npg.org.uk/assets/images/assets/learningoutreach/family-webquest/webquesttitle.gif]
[www.npg.org.uk/assets/images/assets/learningoutreach/family-webquest/family.gif]
[www.npg.org.uk/assets/images/collections/568_NPGAx50057.jpg]
[www.npg.org.uk/assets/images/assets/learningoutreach/family-webquest/tudor.gif]
[www.npg.org.uk/assets/images/assets/blog/1000-decant-Elizabeth-I.jpg]
[collectionimages.npg.org.uk/std/mw61664/mw61664.jpg]
[collectionimages.npg.org.uk/std/mw01734/mw01734.jpg]
